gauntlet: 64 site(s), corpus=64, aiBudget=100, liveReqCap=900
-- getaxiom: already complete, skipping (use --force to re-run)
-- kids-connect: already complete, skipping (use --force to re-run)
-- morrisjenkins: already complete, skipping (use --force to re-run)
-- michaelandson: already complete, skipping (use --force to re-run)
-- aireserv: already complete, skipping (use --force to re-run)
-- cambridgeheating: already complete, skipping (use --force to re-run)
-- mrrooter: already complete, skipping (use --force to re-run)
-- drainworks: already complete, skipping (use --force to re-run)
-- atlasplumbing: already complete, skipping (use --force to re-run)
-- fixitright: already complete, skipping (use --force to re-run)
-- mrelectric: already complete, skipping (use --force to re-run)
-- altimadental: already complete, skipping (use --force to re-run)
-- smiledesign: already complete, skipping (use --force to re-run)
-- bloordental: already complete, skipping (use --force to re-run)
-- yorkvilledental: already complete, skipping (use --force to re-run)
-- physiomed: already complete, skipping (use --force to re-run)
-- renoduck: already complete, skipping (use --force to re-run)
-- nusite: already complete, skipping (use --force to re-run)
-- nerdsonsite: already complete, skipping (use --force to re-run)
-- goddardschool: already complete, skipping (use --force to re-run)
-- thelawnsalon: already complete, skipping (use --force to re-run)
-- davey: already complete, skipping (use --force to re-run)
-- bartlett: already complete, skipping (use --force to re-run)
-- activegreenross: already complete, skipping (use --force to re-run)
-- mrrooter: already complete, skipping (use --force to re-run)
-- benfranklin: already complete, skipping (use --force to re-run)
-- onehour: already complete, skipping (use --force to re-run)
-- aire-serv: already complete, skipping (use --force to re-run)
-- trugreen: already complete, skipping (use --force to re-run)
-- davey: already complete, skipping (use --force to re-run)
-- mollymaid: already complete, skipping (use --force to re-run)
-- servpro: already complete, skipping (use --force to re-run)
-- terminix: already complete, skipping (use --force to re-run)
-- aptive: already complete, skipping (use --force to re-run)
-- jiffylube: already complete, skipping (use --force to re-run)
-- midas: already complete, skipping (use --force to re-run)
-- milestone: already complete, skipping (use --force to re-run)
-- roto-rooter: already complete, skipping (use --force to re-run)
-- paul-davis: already complete, skipping (use --force to re-run)
-- the-grounds-guys: already complete, skipping (use --force to re-run)
-- glass-doctor: already complete, skipping (use --force to re-run)
-- mr-electric: already complete, skipping (use --force to re-run)
-- precision-door: already complete, skipping (use --force to re-run)
-- gutter-helmet: already complete, skipping (use --force to re-run)
-- bellbrothers: already complete, skipping (use --force to re-run)
-- gilmore: already complete, skipping (use --force to re-run)
-- coolray: already complete, skipping (use --force to re-run)
-- callsnappy: already complete, skipping (use --force to re-run)
-- romanelectric: already complete, skipping (use --force to re-run)
-- jonesservices: already complete, skipping (use --force to re-run)
-- lentheplumber: already complete, skipping (use --force to re-run)
-- mauzy: already complete, skipping (use --force to re-run)
-- abchome: already complete, skipping (use --force to re-run)
-- bakerroofing: already complete, skipping (use --force to re-run)
-- interstateroofing: already complete, skipping (use --force to re-run)
-- lifescape: already complete, skipping (use --force to re-run)
-- russelllandscape: already complete, skipping (use --force to re-run)
-- bartlett: already complete, skipping (use --force to re-run)
-- castlekeepers: already complete, skipping (use --force to re-run)
-- arrow: already complete, skipping (use --force to re-run)
-- hupy: already complete, skipping (use --force to re-run)
-- nicoletlaw: already complete, skipping (use --force to re-run)
-- perfectteeth: already complete, skipping (use --force to re-run)
-- goettl: already complete, skipping (use --force to re-run)

done: 61 site(s) | aiCalls=0/100 | cache hits=0 misses=0 errors=0 refused=0
wrote C:\Users\aidan\OneDrive\Documents\client-growth\scripts\gauntlet\results.json
