[rtk] /!\ No hook installed — run `rtk init -g` for automatic token savings

> client-growth@ verify C:\Users\aidan\OneDrive\Documents\client-growth
> pnpm verify:repo && pnpm production:preflight && pnpm test && pnpm typecheck && pnpm build


> client-growth@ verify:repo C:\Users\aidan\OneDrive\Documents\client-growth
> tsx scripts/repo-safety.ts

Repository safety check passed: scanned 456 tracked files.

> client-growth@ production:preflight C:\Users\aidan\OneDrive\Documents\client-growth
> tsx scripts/production-preflight.ts

! Worst-case paid evaluator calls in one UTC day: 2000 (200 analyses x 10 calls). Confirm that number is one you would pay.
! Worst-case paid catalog generations in one UTC day: 200. Confirm that number is one you would pay.
Production preflight passed: config is structurally ready. Wrangler will still validate the remote D1 and encrypted secrets.

> client-growth@ test C:\Users\aidan\OneDrive\Documents\client-growth
> vitest run


 RUN  v3.2.7 C:/Users/aidan/OneDrive/Documents/client-growth

(node:48688) ExperimentalWarning: SQLite is an experimental feature and might change at any time
(Use `node --trace-warnings ...` to show where the warning was created)
(node:25592) ExperimentalWarning: SQLite is an experimental feature and might change at any time
(Use `node --trace-warnings ...` to show where the warning was created)
(node:9212) ExperimentalWarning: SQLite is an experimental feature and might change at any time
(Use `node --trace-warnings ...` to show where the warning was created)
 ✓ test/db.opportunityFunnel.test.ts (30 tests) 128ms
 ✓ test/db.monitoring.test.ts (24 tests) 140ms
(node:50196) ExperimentalWarning: SQLite is an experimental feature and might change at any time
(Use `node --trace-warnings ...` to show where the warning was created)
(node:46144) ExperimentalWarning: SQLite is an experimental feature and might change at any time
(Use `node --trace-warnings ...` to show where the warning was created)
stderr | test/monitoring.scheduler.test.ts > tenant ownership > one workspace's failure leaves every other workspace's scan intact
[monitoring] scan failed for cli_a1: Error: crawl exploded

stderr | test/monitoring.scheduler.test.ts > tenant ownership > one workspace's failure leaves every other workspace's scan intact
[monitoring] scan failed for cli_a4: Error: crawl exploded

stderr | test/monitoring.scheduler.test.ts > tenant ownership > one workspace's failure leaves every other workspace's scan intact
[monitoring] scan failed for cli_a7: Error: crawl exploded

stderr | test/monitoring.scheduler.test.ts > recording what happened > records a failed scan as a visible, inconclusive run and backs it off
[monitoring] scan failed for cli_a1: Error: provider unreachable

stderr | test/monitoring.scheduler.test.ts > recording what happened > keeps going, and still releases the claim, when recording state throws
[monitoring] could not record monitoring state for cli_a1: Error: D1 write failed

 ✓ test/monitoring.scheduler.test.ts (16 tests) 162ms
 ✓ test/adapters.httpEvidenceSecurity.test.ts (84 tests) 185ms
 ✓ test/bench.adversarial.test.ts (5 tests) 149ms
(node:17904) ExperimentalWarning: SQLite is an experimental feature and might change at any time
(Use `node --trace-warnings ...` to show where the warning was created)
 ✓ test/monitoring.scale.test.ts (13 tests) 628ms
stderr | test/auth.passwordReset.test.ts > Better Auth password reset > uses the same request response for known and unknown emails
2026-09-09T04:08:50.427Z WARN [Better Auth]: Reset Password: User not found

stderr | test/auth.passwordReset.test.ts > Better Auth password reset > does not expose a known-account delivery failure differently
2026-09-09T04:08:50.525Z ERROR [Better Auth]: Failed to run background task: Error: Password reset email delivery failed
    at Object.sender [as sendResetPassword] (C:\Users\aidan\OneDrive\Documents\client-growth\test\auth.passwordReset.test.ts:50:13)
    at file:///C:/Users/aidan/OneDrive/Documents/client-growth/node_modules/.pnpm/better-auth@1.7.2_@cloudfla_4cca9b17a5db968f315e2b18627bd9d5/node_modules/better-auth/dist/api/routes/password.mjs:83:80
    at file:///C:/Users/aidan/OneDrive/Documents/client-growth/node_modules/.pnpm/@better-auth+core@1.7.2_@be_c1941563f7cc7b1f26848cc17c9ac83f/node_modules/@better-auth/core/dist/api/index.mjs:56:11
    at internalHandler (file:///C:/Users/aidan/OneDrive/Documents/client-growth/node_modules/.pnpm/better-call@1.4.0_zod@4.5.4/node_modules/better-call/src/endpoint.ts:626:20)
    at file:///C:/Users/aidan/OneDrive/Documents/client-growth/node_modules/.pnpm/better-auth@1.7.2_@cloudfla_4cca9b17a5db968f315e2b18627bd9d5/node_modules/better-auth/dist/api/dispatch.mjs:228:18
    at C:\Users\aidan\OneDrive\Documents\client-growth\test\auth.passwordReset.test.ts:58:19
    at file:///C:/Users/aidan/OneDrive/Documents/client-growth/node_modules/.pnpm/@vitest+runner@3.2.7/node_modules/@vitest/runner/dist/chunk-hooks.js:752:20

stderr | test/auth.passwordReset.test.ts > Better Auth password reset > does not expose a known-account delivery failure differently
2026-09-09T04:08:50.534Z WARN [Better Auth]: Reset Password: User not found

stderr | test/worker.passwordReset.test.ts > Worker password-reset email path > uses one outbound transport for a known user and none for an unknown user
2026-09-09T04:08:50.602Z WARN [Better Auth]: Reset Password: User not found

 ✓ test/worker.passwordReset.test.ts (1 test) 1566ms
   ✓ Worker password-reset email path > uses one outbound transport for a known user and none for an unknown user  1566ms
stderr | test/auth.schema.test.ts > better-auth schema > Better Auth initializes and runs against the migrated schema (drift fails loudly)
2026-09-09T04:08:50.610Z WARN [Better Auth]: Invalid password

 ✓ test/auth.schema.test.ts (2 tests) 325ms
(node:34940) ExperimentalWarning: SQLite is an experimental feature and might change at any time
(Use `node --trace-warnings ...` to show where the warning was created)
 ✓ test/auth.emailVerification.test.ts (5 tests) 322ms
   ✓ email verification auth policy > blocks an unverified sign-in until the emailed token is used  315ms
stderr | test/auth.flow.test.ts > auth + workspace flow > wrong password is rejected and creates no session
2026-09-09T04:08:50.766Z WARN [Better Auth]: Invalid password

 ✓ test/pipeline.funnelReconciliation.test.ts (11 tests) 93ms
(node:39036) ExperimentalWarning: SQLite is an experimental feature and might change at any time
(Use `node --trace-warnings ...` to show where the warning was created)
 ✓ test/auth.flow.test.ts (3 tests) 580ms
stderr | test/auth.passwordReset.test.ts > Better Auth password reset > resets the password once, invalidates every old session, and rejects the old password
2026-09-09T04:08:50.962Z WARN [Better Auth]: Invalid password

 ✓ test/app.marketing.test.ts (22 tests) 173ms
 ✓ test/routes.analysisReadiness.test.ts (10 tests) 201ms
 ✓ test/routes.offeringSuggestions.test.ts (12 tests) 95ms
 ✓ test/integration.analysisRuns.test.ts (13 tests) 190ms
 ✓ test/routes.analysisLimits.test.ts (5 tests) 113ms
 ✓ test/auth.passwordReset.test.ts (5 tests) 1032ms
   ✓ Better Auth password reset > resets the password once, invalidates every old session, and rejects the old password  517ms
 ✓ test/bench.engine.test.ts (11 tests) 73ms
 ✓ test/routes.monitoring.test.ts (12 tests) 187ms
 ✓ test/routes.resetWorkspace.test.ts (16 tests) 159ms
(node:50092) ExperimentalWarning: SQLite is an experimental feature and might change at any time
(Use `node --trace-warnings ...` to show where the warning was created)
(node:18072) ExperimentalWarning: SQLite is an experimental feature and might change at any time
(Use `node --trace-warnings ...` to show where the warning was created)
 ✓ test/routes.opportunityDecisions.test.ts (29 tests) 230ms
 ✓ test/competitors.compare.test.ts (11 tests) 76ms
 ✓ test/routes.catalogAndClients.test.ts (26 tests) 177ms
 ✓ test/routes.signupAccess.test.ts (19 tests) 125ms
(node:33640) ExperimentalWarning: SQLite is an experimental feature and might change at any time
(Use `node --trace-warnings ...` to show where the warning was created)
 ✓ test/integration.analyze-persist.test.ts (4 tests) 72ms
 ✓ test/proposalShares.test.ts (11 tests) 198ms
 ✓ test/pausedMismatchBoundary.test.ts (8 tests) 333ms
 ✓ test/designHarness.fixture.test.ts (1 test) 2956ms
   ✓ design harness fixture truth > keeps opportunity evidence attached to the selected client  2956ms
 ✓ test/adapters.httpEvidenceDiscovery.test.ts (18 tests) 62ms
 ✓ test/routes.clientReports.test.ts (4 tests) 111ms
 ✓ test/adapters.robotsEnforcement.test.ts (10 tests) 56ms
(node:49356) ExperimentalWarning: SQLite is an experimental feature and might change at any time
(Use `node --trace-warnings ...` to show where the warning was created)
 ✓ test/app.approvedRedesign.test.ts (10 tests) 99ms
 ✓ test/worker.executionContext.test.ts (5 tests) 54ms
(node:42840) ExperimentalWarning: SQLite is an experimental feature and might change at any time
(Use `node --trace-warnings ...` to show where the warning was created)
(node:10312) ExperimentalWarning: SQLite is an experimental feature and might change at any time
(Use `node --trace-warnings ...` to show where the warning was created)
(node:32912) ExperimentalWarning: SQLite is an experimental feature and might change at any time
(Use `node --trace-warnings ...` to show where the warning was created)
 ✓ test/db.tenantIsolation.test.ts (12 tests) 70ms
 ✓ test/production.preflight.test.ts (11 tests) 24ms
 ✓ test/production.migrations.test.ts (3 tests) 54ms
 ✓ test/outcomes.sold.test.ts (7 tests) 56ms
 ✓ test/core.offeringSuggestions.test.ts (23 tests) 36ms
 ✓ test/routes.tenantIsolation.test.ts (10 tests) 92ms
(node:18976) ExperimentalWarning: SQLite is an experimental feature and might change at any time
(Use `node --trace-warnings ...` to show where the warning was created)
(node:7292) ExperimentalWarning: SQLite is an experimental feature and might change at any time
(Use `node --trace-warnings ...` to show where the warning was created)
 ✓ test/db.analysisLimits.test.ts (10 tests) 62ms
(node:35600) ExperimentalWarning: SQLite is an experimental feature and might change at any time
(Use `node --trace-warnings ...` to show where the warning was created)
 ✓ test/db.schema-parity.test.ts (1 test) 41ms
 ✓ test/db.monitorDigests.test.ts (9 tests) 40ms
 ✓ test/db.workspaceOperations.test.ts (4 tests) 40ms
(node:28060) ExperimentalWarning: SQLite is an experimental feature and might change at any time
(Use `node --trace-warnings ...` to show where the warning was created)
 ✓ test/db.clientReports.test.ts (5 tests) 32ms
(node:17884) ExperimentalWarning: SQLite is an experimental feature and might change at any time
(Use `node --trace-warnings ...` to show where the warning was created)
 ✓ test/db.technicalAggregationMigration.test.ts (1 test) 31ms
(node:51192) ExperimentalWarning: SQLite is an experimental feature and might change at any time
(Use `node --trace-warnings ...` to show where the warning was created)
 ✓ test/core.competitorGaps.test.ts (10 tests) 34ms
 ✓ test/db.teamInvitations.test.ts (5 tests) 37ms
 ✓ test/adapters.httpEvidenceProvider.test.ts (6 tests) 35ms
stderr | test/pipeline.resolution.test.ts > resolving findings the client has fixed > resolves nothing when the evaluator failed, because the run is incomplete
[analyzeClient] evaluator failed for "chimney repointing": Error: provider unreachable

 ✓ test/pipeline.resolution.test.ts (10 tests) 35ms
(node:29068) ExperimentalWarning: SQLite is an experimental feature and might change at any time
(Use `node --trace-warnings ...` to show where the warning was created)
 ✓ test/db.repositories.test.ts (7 tests) 32ms
 ✓ test/core.evidenceRef.test.ts (16 tests) 25ms
 ✓ test/pipeline.evaluatorJudgment.test.ts (11 tests) 30ms
 ✓ test/core.proposal.test.ts (1 test) 29ms
 ✓ test/routes.clientsImport.test.ts (10 tests) 78ms
 ✓ test/core.thinSiteSemantics.test.ts (9 tests) 31ms
 ✓ test/core.monitorDigest.test.ts (13 tests) 29ms
(node:29364) ExperimentalWarning: SQLite is an experimental feature and might change at any time
(Use `node --trace-warnings ...` to show where the warning was created)
 ✓ test/pipeline.decision-suppression.test.ts (3 tests) 27ms
(node:49284) ExperimentalWarning: SQLite is an experimental feature and might change at any time
(Use `node --trace-warnings ...` to show where the warning was created)
 ✓ test/pipeline.technicalRules.test.ts (10 tests) 27ms
 ✓ test/adapters.httpEvidenceEncoding.test.ts (3 tests) 23ms
stdout | test/routes.monitor.test.ts > monitor console actions > sends a digest on demand when email is deliverable
[monitor-digest:console] to=a@x.example subject=Axiom Orbit — your weekly monitoring digest
Agency ws_a — monitoring digest
Aug 26 – Sep 2

This week across 4 monitored clients: no new billable work.

No new opportunities this week — everything open is unchanged.

Manage monitoring and digests: https://orbit.example/monitor
You're receiving this because monitoring is on for one or more of your clients in Axiom Orbit.

 ✓ test/routes.monitor.test.ts (7 tests) 81ms
(node:28820) ExperimentalWarning: SQLite is an experimental feature and might change at any time
(Use `node --trace-warnings ...` to show where the warning was created)
 ✓ test/monitoring.entitlement.test.ts (3 tests) 23ms
 ✓ test/core.technicalRules.test.ts (12 tests) 23ms
 ✓ test/app.actionCenter.test.ts (15 tests) 21ms
stderr | test/monitorDigest.tick.test.ts > runMonitorDigestTick > does nothing when no email transport is configured
[monitor-digest] no email transport configured; skipping the digest tick

 ✓ test/monitorDigest.tick.test.ts (7 tests) 59ms
stderr | test/pipeline.externalBusinessMismatch.test.ts > external business-profile mismatch pipeline > fails closed when the existing evaluator cannot judge an external mismatch
[analyzeClient] evaluator failed for "Water Heater Replacement": Error: provider unavailable

 ✓ test/pipeline.externalBusinessMismatch.test.ts (6 tests) 22ms
(node:17120) ExperimentalWarning: SQLite is an experimental feature and might change at any time
(Use `node --trace-warnings ...` to show where the warning was created)
 ✓ test/db.externalBusinessClaims.test.ts (4 tests) 23ms
 ✓ test/pipeline.analyzeClient.test.ts (4 tests) 21ms
(node:16056) ExperimentalWarning: SQLite is an experimental feature and might change at any time
(Use `node --trace-warnings ...` to show where the warning was created)
(node:28172) ExperimentalWarning: SQLite is an experimental feature and might change at any time
(Use `node --trace-warnings ...` to show where the warning was created)
 ✓ test/app.signalDesk.test.ts (5 tests) 65ms
 ✓ test/db.deleteClient.test.ts (4 tests) 22ms
 ✓ test/core.rules.test.ts (4 tests) 15ms
 ✓ test/app.ui.test.ts (28 tests) 69ms
 ✓ test/pipeline.inverse-covered.test.ts (3 tests) 20ms
 ✓ test/core.catalogReadiness.test.ts (10 tests) 18ms
 ✓ test/routes.teamInvitations.test.ts (6 tests) 54ms
 ✓ test/app.portfolio.test.ts (17 tests) 18ms
(node:15592) ExperimentalWarning: SQLite is an experimental feature and might change at any time
(Use `node --trace-warnings ...` to show where the warning was created)
 ✓ test/core.brokenConversionPath.test.ts (15 tests) 16ms
 ✓ test/db.catalogGenerationLimits.test.ts (3 tests) 16ms
 ✓ test/core.clientReport.test.ts (9 tests) 13ms
 ✓ test/guards.no-paid-calls.test.ts (4 tests) 17ms
 ✓ test/core.absenceVerification.test.ts (21 tests) 15ms
 ✓ test/pipeline.deterministicEvaluation.test.ts (9 tests) 16ms
 ✓ test/adapters.parseHtml.test.ts (7 tests) 13ms
stderr | test/pipeline.fail-closed.test.ts > pipeline fails closed when the evaluator throws > surfaces no opportunity and records the error instead of crashing
[analyzeClient] evaluator failed for "heat pump installation": Error: provider exploded / malformed output

 ✓ test/core.crawlAdequacy.test.ts (11 tests) 12ms
 ✓ test/pipeline.fail-closed.test.ts (1 test) 13ms
(node:46232) ExperimentalWarning: SQLite is an experimental feature and might change at any time
(Use `node --trace-warnings ...` to show where the warning was created)
 ✓ test/core.projectPackaging.test.ts (12 tests) 12ms
 ✓ test/db.portfolioChanges.test.ts (2 tests) 11ms
 ✓ test/app.offeringGuidance.test.ts (3 tests) 12ms
 ✓ test/adapters.deepSeekAgencyCatalogGenerator.test.ts (3 tests) 11ms
(node:28356) ExperimentalWarning: SQLite is an experimental feature and might change at any time
(Use `node --trace-warnings ...` to show where the warning was created)
 ✓ test/db.testWorkspaceMonitoring.test.ts (1 test) 12ms
(node:22036) ExperimentalWarning: SQLite is an experimental feature and might change at any time
(Use `node --trace-warnings ...` to show where the warning was created)
 ✓ test/monitoring.analysisLimits.test.ts (1 test) 12ms
 ✓ test/core.googleBusinessProfile.test.ts (4 tests) 10ms
 ✓ test/routes.catalogAssistant.test.ts (4 tests) 9ms
 ✓ test/adapters.deepSeekEvaluator.test.ts (8 tests) 12ms
 ✓ test/workerContext.test.ts (1 test) 10ms
 ✓ test/app.validation.test.ts (45 tests) 10ms
 ✓ test/core.businessSiteMismatch.test.ts (3 tests) 9ms
 ✓ test/core.clientImport.test.ts (10 tests) 8ms
 ✓ test/pipeline.brokenConversionPath.test.ts (2 tests) 10ms
 ✓ test/routes.deleteClient.test.ts (2 tests) 28ms
 ✓ test/core.externalBusinessEvidence.test.ts (5 tests) 9ms
 ✓ test/email.resend.test.ts (6 tests) 10ms
 ✓ test/core.salesFunnel.test.ts (7 tests) 7ms
 ✓ test/core.siteStructure.test.ts (23 tests) 10ms
 ✓ test/adapters.parseHtml.technical.test.ts (3 tests) 8ms
 ✓ test/routes.emailVerification.test.ts (3 tests) 25ms
 ✓ test/routes.changes.test.ts (1 test) 23ms
 ✓ test/routes.onboarding.test.ts (22 tests) 3505ms
   ✓ onboarding stage one: read the site, judge nothing > keeps the bare onboarding starter card styled in the generated harness  3205ms
 ✓ test/app.evidence.test.ts (13 tests) 7ms
 ✓ test/core.agencyCatalogDraft.test.ts (5 tests) 7ms
 ✓ test/core.noServicePages.test.ts (11 tests) 8ms
 ✓ test/core.winRates.test.ts (9 tests) 7ms
 ✓ test/core.monitoring.test.ts (20 tests) 7ms
 ✓ test/resend.monitorDigest.test.ts (3 tests) 7ms
 ✓ test/core.platformPaths.test.ts (2 tests) 6ms
 ✓ test/core.conversionIntent.test.ts (8 tests) 6ms
 ✓ test/core.serviceTagSuggestions.test.ts (6 tests) 5ms
 ✓ test/pipeline.blockedCoverage.test.ts (4 tests) 7ms
 ✓ test/core.judgment.test.ts (11 tests) 6ms
 ✓ test/routes.clientAnalysisLimit.test.ts (1 test) 18ms
 ✓ test/core.analysisReadiness.test.ts (13 tests) 5ms
 ✓ test/adapters.robots.test.ts (11 tests) 5ms
 ✓ test/core.entitlements.test.ts (10 tests) 4ms
 ✓ test/core.evidenceDiagnostics.test.ts (3 tests) 5ms
 ✓ test/core.analysisOutcome.test.ts (11 tests) 5ms
 ✓ test/routes.passwordReset.test.ts (8 tests) 17ms
 ✓ test/core.clientValue.test.ts (7 tests) 4ms
 ✓ test/app.analysisDeadline.test.ts (2 tests) 5ms
 ✓ test/core.signupAccess.test.ts (9 tests) 5ms
 ✓ test/core.opportunityGrouping.test.ts (2 tests) 4ms
 ✓ test/repo.safety.test.ts (2 tests) 5ms
 ✓ test/core.billability.test.ts (3 tests) 4ms
 ✓ test/app.publicPages.test.ts (4 tests) 4ms
 ✓ test/core.dedupe.test.ts (4 tests) 4ms
 ✓ test/core.ruleTiers.test.ts (5 tests) 3ms
 ✓ test/core.reportTheme.test.ts (2 tests) 3ms
 ✓ test/core.offeringDrift.test.ts (3 tests) 3ms
 ✓ test/seed.scoped.test.ts (2 tests) 3ms
 ✓ test/app.tour.test.ts (5 tests) 9ms
 ✓ test/email.transport.test.ts (7 tests) 9ms
 ✓ test/routes.signupReturnTo.test.ts (1 test) 6ms
 ✓ test/routes.loginReturnTo.test.ts (1 test) 5ms

 Test Files  141 passed (141)
      Tests  1260 passed (1260)
   Start at  00:08:48
   Duration  7.80s (transform 5.84s, setup 0ms, collect 78.21s, tests 16.77s, environment 24ms, prepare 30.65s)


> client-growth@ typecheck C:\Users\aidan\OneDrive\Documents\client-growth
> react-router typegen && tsc


> client-growth@ build C:\Users\aidan\OneDrive\Documents\client-growth
> react-router build

vite v7.3.6 building client environment for production...
transforming...
✓ 149 modules transformed.
Generated an empty chunk: "api.auth._".
Generated an empty chunk: "export.workspace".
Generated an empty chunk: "favicon_._ico".
Generated an empty chunk: "internal.monitoring.digest".
Generated an empty chunk: "internal.monitoring.run".
Generated an empty chunk: "logout".
rendering chunks...
computing gzip size...
build/client/.vite/manifest.json                             15.37 kB │ gzip:  1.83 kB
build/client/assets/marketing-layout-BniEERFC.css            48.44 kB │ gzip:  8.11 kB
build/client/assets/root-DyWkXDbA.css                       184.85 kB │ gzip: 32.78 kB
build/client/assets/api.auth._-l0sNRNKZ.js                    0.00 kB │ gzip:  0.02 kB
build/client/assets/export.workspace-l0sNRNKZ.js              0.00 kB │ gzip:  0.02 kB
build/client/assets/favicon_._ico-l0sNRNKZ.js                 0.00 kB │ gzip:  0.02 kB
build/client/assets/internal.monitoring.digest-l0sNRNKZ.js    0.00 kB │ gzip:  0.02 kB
build/client/assets/internal.monitoring.run-l0sNRNKZ.js       0.00 kB │ gzip:  0.02 kB
build/client/assets/logout-l0sNRNKZ.js                        0.00 kB │ gzip:  0.02 kB
build/client/assets/legal-page-d7pWK1zS.js                    0.41 kB │ gzip:  0.26 kB
build/client/assets/report.share-CoCI7byU.js                  0.45 kB │ gzip:  0.32 kB
build/client/assets/monitoring-Kjk0M4Dh.js                    0.52 kB │ gzip:  0.35 kB
build/client/assets/technical-0lD2ului.js                     0.54 kB │ gzip:  0.26 kB
build/client/assets/reportTheme-DYbJEgUn.js                   0.62 kB │ gzip:  0.37 kB
build/client/assets/use-current-section-gGXyiubm.js           0.76 kB │ gzip:  0.46 kB
build/client/assets/opportunityGrouping-DZ4-c8uK.js           0.87 kB │ gzip:  0.49 kB
build/client/assets/settings-navigation-B_1ykWnB.js           1.41 kB │ gzip:  0.67 kB
build/client/assets/portfolio-DL71W9uy.js                     1.54 kB │ gzip:  0.62 kB
build/client/assets/evidenceRef-gaLBRMZb.js                   1.64 kB │ gzip:  0.76 kB
build/client/assets/forgot-password-C6tBvbOd.js               1.73 kB │ gzip:  0.78 kB
build/client/assets/reset-password-BZ6kHBBr.js                2.01 kB │ gzip:  0.80 kB
build/client/assets/invite._token-XMX0pE2R.js                 2.11 kB │ gzip:  0.88 kB
build/client/assets/entity-mark-BY8Et368.js                   2.12 kB │ gzip:  0.87 kB
build/client/assets/registry-B62dqPcU.js                      2.46 kB │ gzip:  0.83 kB
build/client/assets/reports._id-BHZyXcTW.js                   2.58 kB │ gzip:  1.05 kB
build/client/assets/signal-desk-MqXmK3aa.js                   2.64 kB │ gzip:  1.17 kB
build/client/assets/login-D30gZXSp.js                         3.31 kB │ gzip:  1.09 kB
build/client/assets/marketing-layout-BzQR2M4a.js              3.49 kB │ gzip:  1.30 kB
build/client/assets/terms-C5Xq3iee.js                         3.51 kB │ gzip:  1.54 kB
build/client/assets/offering-guidance-Cn45Uomi.js             3.76 kB │ gzip:  1.65 kB
build/client/assets/signup-BYexMVEW.js                        4.06 kB │ gzip:  1.38 kB
build/client/assets/privacy-Bcy8a5Qm.js                       4.69 kB │ gzip:  1.97 kB
build/client/assets/operations-Cf6rWlkU.js                    5.24 kB │ gzip:  1.76 kB
build/client/assets/clients.import-CHJdh1Js.js                5.30 kB │ gzip:  1.84 kB
build/client/assets/clients._index-1PBpWKiP.js                5.44 kB │ gzip:  1.97 kB
build/client/assets/proposal.share-B9TBBaK0.js                5.50 kB │ gzip:  2.04 kB
build/client/assets/catalog-assistant-B55SPZWu.js             5.80 kB │ gzip:  2.02 kB
build/client/assets/changes-BoahZxG2.js                       5.94 kB │ gzip:  1.82 kB
build/client/assets/_index-DfjjXKXz.js                        7.18 kB │ gzip:  2.14 kB
build/client/assets/monitor-DTyHurSR.js                       7.38 kB │ gzip:  2.31 kB
build/client/assets/product-BywkACwr.js                       7.45 kB │ gzip:  2.47 kB
build/client/assets/settings-qO1xIbuk.js                      9.84 kB │ gzip:  2.80 kB
build/client/assets/client-report-CMZaIaWD.js                11.29 kB │ gzip:  3.48 kB
build/client/assets/root--O6spIXj.js                         12.77 kB │ gzip:  4.79 kB
build/client/assets/services._index-rUP9BGxb.js              12.90 kB │ gzip:  4.27 kB
build/client/assets/marketing-visuals-9y9UViS6.js            14.10 kB │ gzip:  3.69 kB
build/client/assets/ui-s455KV0o.js                           14.44 kB │ gzip:  4.91 kB
build/client/assets/clients._id.report-BRArHxCz.js           15.33 kB │ gzip:  5.08 kB
build/client/assets/opportunities._index-Uw6o2n5E.js         16.20 kB │ gzip:  5.33 kB
build/client/assets/opportunities._id-BtyFzhTP.js            16.78 kB │ gzip:  4.76 kB
build/client/assets/onboarding-DBlSd-QR.js                   18.54 kB │ gzip:  5.61 kB
build/client/assets/clients._id-DJDKwb25.js                  32.49 kB │ gzip:  8.67 kB
build/client/assets/projectPackaging-HN8pwydK.js             58.75 kB │ gzip: 14.34 kB
build/client/assets/chunk-BV7QT456-B8yAK9oN.js              131.44 kB │ gzip: 44.34 kB
build/client/assets/entry.client-BWVy5Y_N.js                190.03 kB │ gzip: 59.86 kB
✓ built in 1.41s
  ⚠️  Future Flag Warning: Route middleware support is changing in React Router v8.
     You can use the `future.v8_middleware` flag to opt in early.
     -> https://reactrouter.com/v7/upgrading/future#futurev8_middleware
  ⚠️  Future Flag Warning: Route module splitting behavior is changing in React Router v8.
     You can use the `future.v8_splitRouteModules` flag to opt in early.
     -> https://reactrouter.com/v7/upgrading/future#futurev8_splitroutemodules
  ⚠️  Future Flag Warning: Vite Environment API usage is changing in React Router v8.
     You can use the `future.v8_viteEnvironmentApi` flag to opt in early.
     -> https://reactrouter.com/v7/upgrading/future#futurev8_viteenvironmentapi
  ⚠️  Future Flag Warning: Request handling behavior is changing in React Router v8.
     You can use the `future.v8_passThroughRequests` flag to opt in early.
     -> https://reactrouter.com/v7/upgrading/future#futurev8_passthroughrequests
  ⚠️  Future Flag Warning: Data request URL formats are changing in React Router v8.
     You can use the `future.v8_trailingSlashAwareDataRequests` flag to opt in early.
     -> https://reactrouter.com/v7/upgrading/future#futurev8_trailingslashawaredatarequests
vite v7.3.6 building ssr environment for production...
transforming...
✓ 150 modules transformed.
rendering chunks...
build/server/.vite/manifest.json                   0.23 kB
build/server/assets/server-build-DeoEmQkd.css    233.29 kB
build/server/index.js                          1,006.25 kB

✓ 1 asset cleaned from React Router server build.
build\server\assets\server-build-DeoEmQkd.css

✓ built in 712ms
